2026-05-23 09:14:05,313 [INFO] 成绩监控启动 (PID 13970)，查询间隔 20 分钟
2026-05-23 09:14:12,811 [ERROR] 登录异常: SSLError: HTTPSConnectionPool(host='jwxt.bistu.edu.cn', port=443): Max retries exceeded with url: /jwapp/sys/emappagelog/modules/emappagelog/loginNew.do?ticket=ST-266711-NmNERmoLnpJrhsC9Li3dGzIJcxQlocalhost (Caused by SSLError(SSLEOFError(8, '[SSL: UNEXPECTED_EOF_WHILE_READING] EOF occurred in violation of protocol (_ssl.c:1081)')))
2026-05-23 09:15:05,963 [INFO] 成绩监控启动 (PID 14003)，查询间隔 20 分钟
2026-05-23 09:15:08,243 [INFO] CAS 登录成功
2026-05-23 09:15:08,268 [INFO] 开始查询成绩...
2026-05-23 09:15:10,359 [INFO] 暂无新成绩（共 44 条已知成绩）
2026-05-23 09:15:10,359 [INFO] 等待 20 分钟后再次查询...
2026-05-23 09:21:10,916 [INFO] === 成绩监控启动 (PID 14212, 1 用户) ===
2026-05-23 09:21:10,917 [INFO] [yumeng] 开始查询成绩...
2026-05-23 09:21:12,111 [INFO] CAS 登录成功
2026-05-23 09:21:14,698 [INFO] 暂无新成绩（共 44 条已知成绩）
2026-05-23 09:21:14,704 [INFO] === 本轮结束 ===
2026-05-23 09:44:30,358 [INFO] === 成绩监控启动 (PID 14966, 1 用户) ===
2026-05-23 09:44:30,360 [INFO] [yumeng] 开始查询成绩...
2026-05-23 09:44:31,029 [INFO] [2024012616] CAS 登录成功
2026-05-23 09:44:33,230 [INFO] [yumeng] 暂无新成绩（共 44 条已知成绩）
2026-05-23 09:44:33,237 [INFO] === 本轮结束 ===
2026-05-23 09:55:46,151 [INFO] === 成绩监控启动 (PID 15584, 1 用户) ===
2026-05-23 09:55:46,152 [INFO] [yumeng] 开始查询成绩...
2026-05-23 09:55:46,153 [INFO] [2024012616] 已加载持久 cookies (9 个)
2026-05-23 09:55:47,037 [INFO] [yumeng] 暂无新成绩（共 44 条已知成绩）
2026-05-23 09:55:47,041 [INFO] === 本轮结束 ===
2026-05-23 10:15:47,627 [INFO] === 成绩监控启动 (PID 15800, 1 用户) ===
2026-05-23 10:15:47,628 [INFO] [yumeng] 开始查询成绩...
2026-05-23 10:15:47,629 [INFO] [2024012616] 已加载持久 cookies (9 个)
2026-05-23 10:15:48,640 [INFO] [yumeng] 暂无新成绩（共 44 条已知成绩）
2026-05-23 10:15:48,644 [INFO] === 本轮结束 ===
2026-05-23 10:35:49,292 [INFO] === 成绩监控启动 (PID 15975, 1 用户) ===
2026-05-23 10:35:49,293 [INFO] [yumeng] 开始查询成绩...
2026-05-23 10:35:49,295 [INFO] [2024012616] 已加载持久 cookies (9 个)
2026-05-23 10:35:50,222 [INFO] [yumeng] 暂无新成绩（共 44 条已知成绩）
2026-05-23 10:35:50,226 [INFO] === 本轮结束 ===
2026-05-23 10:55:50,935 [INFO] === 成绩监控启动 (PID 16087, 1 用户) ===
2026-05-23 10:55:50,936 [INFO] [yumeng] 开始查询成绩...
2026-05-23 10:55:50,938 [INFO] [2024012616] 已加载持久 cookies (9 个)
2026-05-23 10:55:52,411 [INFO] [yumeng] 暂无新成绩（共 44 条已知成绩）
2026-05-23 10:55:52,415 [INFO] === 本轮结束 ===
2026-05-23 11:15:53,013 [INFO] === 成绩监控启动 (PID 16155, 1 用户) ===
2026-05-23 11:15:53,014 [INFO] [yumeng] 开始查询成绩...
2026-05-23 11:15:53,016 [INFO] [2024012616] 已加载持久 cookies (9 个)
2026-05-23 11:15:54,394 [INFO] [yumeng] 暂无新成绩（共 44 条已知成绩）
2026-05-23 11:15:54,398 [INFO] === 本轮结束 ===
2026-05-23 11:35:55,118 [INFO] === 成绩监控启动 (PID 16218, 1 用户) ===
2026-05-23 11:35:55,119 [INFO] [yumeng] 开始查询成绩...
2026-05-23 11:35:55,121 [INFO] [2024012616] 已加载持久 cookies (9 个)
2026-05-23 11:35:55,967 [INFO] [yumeng] 暂无新成绩（共 44 条已知成绩）
2026-05-23 11:35:55,972 [INFO] === 本轮结束 ===
2026-05-23 11:55:56,650 [INFO] === 成绩监控启动 (PID 16310, 1 用户) ===
2026-05-23 11:55:56,652 [INFO] [yumeng] 开始查询成绩...
2026-05-23 11:55:56,653 [INFO] [2024012616] 已加载持久 cookies (9 个)
2026-05-23 11:55:57,994 [INFO] [yumeng] 暂无新成绩（共 44 条已知成绩）
2026-05-23 11:55:57,997 [INFO] === 本轮结束 ===
2026-05-23 12:15:58,709 [INFO] === 成绩监控启动 (PID 16372, 1 用户) ===
2026-05-23 12:15:58,710 [INFO] [yumeng] 开始查询成绩...
2026-05-23 12:15:58,712 [INFO] [2024012616] 已加载持久 cookies (9 个)
2026-05-23 12:16:00,167 [INFO] [yumeng] 暂无新成绩（共 44 条已知成绩）
2026-05-23 12:16:00,171 [INFO] === 本轮结束 ===
2026-05-23 12:36:00,901 [INFO] === 成绩监控启动 (PID 16490, 1 用户) ===
2026-05-23 12:36:00,902 [INFO] [yumeng] 开始查询成绩...
2026-05-23 12:36:00,904 [INFO] [2024012616] 已加载持久 cookies (9 个)
2026-05-23 12:36:02,902 [INFO] [yumeng] 暂无新成绩（共 44 条已知成绩）
2026-05-23 12:36:02,906 [INFO] === 本轮结束 ===
2026-05-23 12:56:03,482 [INFO] === 成绩监控启动 (PID 16586, 1 用户) ===
2026-05-23 12:56:03,483 [INFO] [yumeng] 开始查询成绩...
2026-05-23 12:56:03,485 [INFO] [2024012616] 已加载持久 cookies (9 个)
2026-05-23 12:56:04,332 [INFO] [yumeng] 暂无新成绩（共 44 条已知成绩）
2026-05-23 12:56:04,336 [INFO] === 本轮结束 ===
2026-05-23 13:16:04,951 [INFO] === 成绩监控启动 (PID 16691, 1 用户) ===
2026-05-23 13:16:04,953 [INFO] [yumeng] 开始查询成绩...
2026-05-23 13:16:04,954 [INFO] [2024012616] 已加载持久 cookies (9 个)
2026-05-23 13:16:05,074 [INFO] [yumeng] 会话已过期，重新登录...
2026-05-23 13:16:05,296 [ERROR] 未能获取 CAS execution token
2026-05-23 13:16:05,297 [WARNING] [yumeng] 失败 1 次（已 0 分钟）
2026-05-23 13:16:05,302 [INFO] === 本轮结束 ===
2026-05-23 13:36:06,014 [INFO] === 成绩监控启动 (PID 17511, 1 用户) ===
2026-05-23 13:36:06,016 [INFO] [yumeng] 开始查询成绩...
2026-05-23 13:36:06,019 [INFO] [2024012616] 已加载持久 cookies (9 个)
2026-05-23 13:36:06,134 [INFO] [yumeng] 会话已过期，重新登录...
2026-05-23 13:36:06,565 [ERROR] 未能获取 CAS execution token
2026-05-23 13:36:06,566 [WARNING] [yumeng] 失败 2 次（已 20 分钟）
2026-05-23 13:36:06,569 [INFO] === 本轮结束 ===
2026-05-23 13:38:41,215 [INFO] === 成绩监控启动 (PID 18268, 1 用户) ===
2026-05-23 13:38:41,216 [INFO] [yumeng] 开始查询成绩...
2026-05-23 13:38:41,218 [INFO] [2024012616] 已加载持久 cookies (9 个)
2026-05-23 13:38:41,331 [INFO] [yumeng] 会话已过期，重新登录...
2026-05-23 13:38:41,562 [ERROR] 未能获取 CAS execution token
2026-05-23 13:38:41,563 [WARNING] [yumeng] 失败 3 次（已 23 分钟）
2026-05-23 13:38:41,569 [INFO] === 本轮结束 ===
2026-05-23 15:59:03,316 [INFO] === 成绩监控启动 (PID 21772, 1 用户) ===
2026-05-23 15:59:03,317 [INFO] [yumeng] 开始查询成绩...
2026-05-23 15:59:03,318 [INFO] [2024012616] 已加载持久 cookies (9 个)
2026-05-23 15:59:03,391 [INFO] [yumeng] 会话已过期，重新登录...
2026-05-23 15:59:09,024 [ERROR] 未能获取 CAS execution token
2026-05-23 15:59:09,024 [WARNING] [yumeng] 失败 4 次（已 163 分钟）
2026-05-23 15:59:09,028 [INFO] === 本轮结束 ===
2026-05-23 16:05:25,567 [INFO] === 成绩监控启动 (PID 22525, 1 用户) ===
2026-05-23 16:05:25,568 [INFO] [yumeng] 开始查询成绩...
2026-05-23 16:05:25,569 [INFO] [2024012616] 已加载持久 cookies (9 个)
2026-05-23 16:05:26,330 [INFO] [yumeng] 暂无新成绩（共 44 条已知成绩）
2026-05-23 16:05:26,333 [INFO] === 本轮结束 ===
2026-05-23 16:11:13,695 [INFO] === 成绩监控启动 (PID 22795, 1 用户) ===
2026-05-23 16:11:13,696 [INFO] [yumeng] 开始查询成绩...
2026-05-23 16:11:13,696 [INFO] [2024012616] 已加载持久 cookies (9 个)
2026-05-23 16:11:14,874 [INFO] [yumeng] 暂无新成绩（共 44 条已知成绩）
2026-05-23 16:11:14,876 [INFO] === 本轮结束 ===
2026-05-23 16:11:14,877 [INFO] 等待 10 分钟后再跑一轮...
2026-05-23 16:21:14,911 [INFO] === 成绩监控启动 (PID 22795, 1 用户) ===
2026-05-23 16:21:14,911 [INFO] [yumeng] 开始查询成绩...
2026-05-23 16:21:14,913 [INFO] [2024012616] 已加载持久 cookies (9 个)
2026-05-23 16:21:16,072 [INFO] [yumeng] 暂无新成绩（共 44 条已知成绩）
2026-05-23 16:21:16,075 [INFO] === 本轮结束 ===
2026-05-23 16:21:16,075 [INFO] 等待 10 分钟后再跑一轮...
2026-05-23 16:21:30,024 [INFO] === 成绩监控启动 (PID 23791, 1 用户) ===
2026-05-23 16:21:30,025 [INFO] [yumeng] 开始查询成绩...
2026-05-23 16:21:30,026 [INFO] [2024012616] 已加载持久 cookies (9 个)
2026-05-23 16:21:31,014 [INFO] [yumeng] 暂无新成绩（共 44 条已知成绩）
2026-05-23 16:21:31,017 [INFO] === 本轮结束 ===
2026-05-23 16:21:31,017 [INFO] 等待 10 分钟后再跑一轮...
2026-05-23 16:31:31,026 [INFO] === 成绩监控启动 (PID 23791, 1 用户) ===
2026-05-23 16:31:31,026 [INFO] [yumeng] 开始查询成绩...
2026-05-23 16:31:31,027 [INFO] [2024012616] 已加载持久 cookies (9 个)
2026-05-23 16:31:32,593 [INFO] [yumeng] 暂无新成绩（共 44 条已知成绩）
2026-05-23 16:31:32,595 [INFO] === 本轮结束 ===
2026-05-23 16:31:32,596 [INFO] 等待 10 分钟后再跑一轮...
2026-05-23 16:41:32,653 [INFO] === 成绩监控启动 (PID 23791, 1 用户) ===
2026-05-23 16:41:32,655 [INFO] [yumeng] 开始查询成绩...
2026-05-23 16:41:32,656 [INFO] [2024012616] 已加载持久 cookies (9 个)
2026-05-23 16:41:33,849 [INFO] [yumeng] 暂无新成绩（共 44 条已知成绩）
2026-05-23 16:41:33,852 [INFO] === 本轮结束 ===
2026-05-23 16:41:33,852 [INFO] 等待 10 分钟后再跑一轮...
2026-05-23 16:51:33,925 [INFO] === 成绩监控启动 (PID 23791, 1 用户) ===
2026-05-23 16:51:33,925 [INFO] [yumeng] 开始查询成绩...
2026-05-23 16:51:33,926 [INFO] [2024012616] 已加载持久 cookies (9 个)
2026-05-23 16:51:35,121 [INFO] [yumeng] 暂无新成绩（共 44 条已知成绩）
2026-05-23 16:51:35,124 [INFO] === 本轮结束 ===
2026-05-23 16:51:35,124 [INFO] 等待 10 分钟后再跑一轮...
2026-05-23 17:01:35,326 [INFO] === 成绩监控启动 (PID 23791, 1 用户) ===
2026-05-23 17:01:35,327 [INFO] [yumeng] 开始查询成绩...
2026-05-23 17:01:35,328 [INFO] [2024012616] 已加载持久 cookies (9 个)
2026-05-23 17:01:36,311 [INFO] [yumeng] 暂无新成绩（共 44 条已知成绩）
2026-05-23 17:01:36,314 [INFO] === 本轮结束 ===
2026-05-23 17:01:36,314 [INFO] 等待 10 分钟后再跑一轮...
2026-05-23 17:11:36,415 [INFO] === 成绩监控启动 (PID 23791, 1 用户) ===
2026-05-23 17:11:36,416 [INFO] [yumeng] 开始查询成绩...
2026-05-23 17:11:36,417 [INFO] [2024012616] 已加载持久 cookies (9 个)
2026-05-23 17:11:37,826 [INFO] [yumeng] 暂无新成绩（共 44 条已知成绩）
2026-05-23 17:11:37,828 [INFO] === 本轮结束 ===
2026-05-23 17:11:37,829 [INFO] 等待 10 分钟后再跑一轮...
2026-05-23 17:21:37,930 [INFO] === 成绩监控启动 (PID 23791, 1 用户) ===
2026-05-23 17:21:37,931 [INFO] [yumeng] 开始查询成绩...
2026-05-23 17:21:37,932 [INFO] [2024012616] 已加载持久 cookies (9 个)
2026-05-23 17:21:38,897 [INFO] [yumeng] 暂无新成绩（共 44 条已知成绩）
2026-05-23 17:21:38,899 [INFO] === 本轮结束 ===
2026-05-23 17:21:38,900 [INFO] 等待 10 分钟后再跑一轮...
2026-05-23 17:31:39,031 [INFO] === 成绩监控启动 (PID 23791, 1 用户) ===
2026-05-23 17:31:39,031 [INFO] [yumeng] 开始查询成绩...
2026-05-23 17:31:39,031 [INFO] [2024012616] 已加载持久 cookies (9 个)
2026-05-23 17:31:40,431 [INFO] [yumeng] 暂无新成绩（共 44 条已知成绩）
2026-05-23 17:31:40,434 [INFO] === 本轮结束 ===
2026-05-23 17:31:40,434 [INFO] 等待 10 分钟后再跑一轮...
2026-05-23 17:41:40,624 [INFO] === 成绩监控启动 (PID 23791, 1 用户) ===
2026-05-23 17:41:40,624 [INFO] [yumeng] 开始查询成绩...
2026-05-23 17:41:40,625 [INFO] [2024012616] 已加载持久 cookies (9 个)
2026-05-23 17:41:41,421 [INFO] [yumeng] 暂无新成绩（共 44 条已知成绩）
2026-05-23 17:41:41,424 [INFO] === 本轮结束 ===
2026-05-23 17:41:41,424 [INFO] 等待 10 分钟后再跑一轮...
2026-05-23 17:51:41,483 [INFO] === 成绩监控启动 (PID 23791, 1 用户) ===
2026-05-23 17:51:41,484 [INFO] [yumeng] 开始查询成绩...
2026-05-23 17:51:41,484 [INFO] [2024012616] 已加载持久 cookies (9 个)
2026-05-23 17:51:42,228 [INFO] [yumeng] 暂无新成绩（共 44 条已知成绩）
2026-05-23 17:51:42,230 [INFO] === 本轮结束 ===
2026-05-23 17:51:42,231 [INFO] 等待 10 分钟后再跑一轮...
2026-05-23 18:01:42,344 [INFO] === 成绩监控启动 (PID 23791, 1 用户) ===
2026-05-23 18:01:42,344 [INFO] [yumeng] 开始查询成绩...
2026-05-23 18:01:42,345 [INFO] [2024012616] 已加载持久 cookies (9 个)
2026-05-23 18:01:43,364 [INFO] [yumeng] 暂无新成绩（共 44 条已知成绩）
2026-05-23 18:01:43,367 [INFO] === 本轮结束 ===
2026-05-23 18:01:43,367 [INFO] 等待 10 分钟后再跑一轮...
2026-05-23 18:11:43,559 [INFO] === 成绩监控启动 (PID 23791, 1 用户) ===
2026-05-23 18:11:43,560 [INFO] [yumeng] 开始查询成绩...
2026-05-23 18:11:43,561 [INFO] [2024012616] 已加载持久 cookies (9 个)
2026-05-23 18:11:44,713 [INFO] [yumeng] 暂无新成绩（共 44 条已知成绩）
2026-05-23 18:11:44,717 [INFO] === 本轮结束 ===
2026-05-23 18:11:44,717 [INFO] 等待 10 分钟后再跑一轮...
2026-05-23 18:21:44,794 [INFO] === 成绩监控启动 (PID 23791, 1 用户) ===
2026-05-23 18:21:44,794 [INFO] [yumeng] 开始查询成绩...
2026-05-23 18:21:44,796 [INFO] [2024012616] 已加载持久 cookies (9 个)
2026-05-23 18:21:46,108 [INFO] [yumeng] 暂无新成绩（共 44 条已知成绩）
2026-05-23 18:21:46,111 [INFO] === 本轮结束 ===
2026-05-23 18:21:46,111 [INFO] 等待 10 分钟后再跑一轮...
2026-05-23 18:31:46,167 [INFO] === 成绩监控启动 (PID 23791, 1 用户) ===
2026-05-23 18:31:46,168 [INFO] [yumeng] 开始查询成绩...
2026-05-23 18:31:46,169 [INFO] [2024012616] 已加载持久 cookies (9 个)
2026-05-23 18:31:49,426 [INFO] [yumeng] 暂无新成绩（共 44 条已知成绩）
2026-05-23 18:31:49,431 [INFO] === 本轮结束 ===
2026-05-23 18:31:49,432 [INFO] 等待 10 分钟后再跑一轮...
2026-05-23 18:41:49,487 [INFO] === 成绩监控启动 (PID 23791, 1 用户) ===
2026-05-23 18:41:49,489 [INFO] [yumeng] 开始查询成绩...
2026-05-23 18:41:49,491 [INFO] [2024012616] 已加载持久 cookies (9 个)
2026-05-23 18:41:50,345 [INFO] [yumeng] 暂无新成绩（共 44 条已知成绩）
2026-05-23 18:41:50,351 [INFO] === 本轮结束 ===
2026-05-23 18:41:50,352 [INFO] 等待 10 分钟后再跑一轮...
2026-05-23 18:51:50,444 [INFO] === 成绩监控启动 (PID 23791, 1 用户) ===
2026-05-23 18:51:50,446 [INFO] [yumeng] 开始查询成绩...
2026-05-23 18:51:50,450 [INFO] [2024012616] 已加载持久 cookies (9 个)
2026-05-23 18:51:51,232 [INFO] [yumeng] 暂无新成绩（共 44 条已知成绩）
2026-05-23 18:51:51,237 [INFO] === 本轮结束 ===
2026-05-23 18:51:51,238 [INFO] 等待 10 分钟后再跑一轮...
2026-05-23 19:01:51,337 [INFO] === 成绩监控启动 (PID 23791, 1 用户) ===
2026-05-23 19:01:51,337 [INFO] [yumeng] 开始查询成绩...
2026-05-23 19:01:51,338 [INFO] [2024012616] 已加载持久 cookies (9 个)
2026-05-23 19:01:52,229 [INFO] [yumeng] 暂无新成绩（共 44 条已知成绩）
2026-05-23 19:01:52,233 [INFO] === 本轮结束 ===
2026-05-23 19:01:52,234 [INFO] 等待 10 分钟后再跑一轮...
2026-05-23 19:11:52,414 [INFO] === 成绩监控启动 (PID 23791, 1 用户) ===
2026-05-23 19:11:52,415 [INFO] [yumeng] 开始查询成绩...
2026-05-23 19:11:52,416 [INFO] [2024012616] 已加载持久 cookies (9 个)
2026-05-23 19:11:52,547 [INFO] [yumeng] 会话已过期，重新登录...
2026-05-23 19:11:53,572 [INFO] [2024012616] CAS 登录成功
2026-05-23 19:11:54,607 [INFO] [yumeng] 暂无新成绩（共 44 条已知成绩）
2026-05-23 19:11:54,613 [INFO] === 本轮结束 ===
2026-05-23 19:11:54,614 [INFO] 等待 10 分钟后再跑一轮...
2026-05-23 19:21:54,668 [INFO] === 成绩监控启动 (PID 23791, 1 用户) ===
2026-05-23 19:21:54,669 [INFO] [yumeng] 开始查询成绩...
2026-05-23 19:21:54,670 [INFO] [2024012616] 已加载持久 cookies (9 个)
2026-05-23 19:21:55,938 [INFO] [yumeng] 暂无新成绩（共 44 条已知成绩）
2026-05-23 19:21:55,942 [INFO] === 本轮结束 ===
2026-05-23 19:21:55,943 [INFO] 等待 10 分钟后再跑一轮...
2026-05-23 19:31:56,008 [INFO] === 成绩监控启动 (PID 23791, 1 用户) ===
2026-05-23 19:31:56,008 [INFO] [yumeng] 开始查询成绩...
2026-05-23 19:31:56,009 [INFO] [2024012616] 已加载持久 cookies (9 个)
2026-05-23 19:31:56,112 [INFO] [yumeng] 会话已过期，重新登录...
2026-05-23 19:32:01,895 [INFO] [2024012616] CAS 登录成功
2026-05-23 19:32:01,990 [ERROR] [yumeng] 重新登录后仍失败: HTTP 403（app 上下文/会话失效）
2026-05-23 19:32:01,990 [WARNING] [yumeng] 失败 1 次（已 0 分钟）
2026-05-23 19:32:01,995 [INFO] === 本轮结束 ===
2026-05-23 19:32:01,996 [INFO] 等待 10 分钟后再跑一轮...
2026-05-23 19:42:02,083 [INFO] === 成绩监控启动 (PID 23791, 1 用户) ===
2026-05-23 19:42:02,084 [INFO] [yumeng] 开始查询成绩...
2026-05-23 19:42:02,085 [INFO] [2024012616] 已加载持久 cookies (9 个)
2026-05-23 19:42:02,165 [INFO] [yumeng] 会话已过期，重新登录...
2026-05-23 19:42:02,702 [INFO] [2024012616] CAS 登录成功
2026-05-23 19:42:02,743 [ERROR] [yumeng] 重新登录后仍失败: HTTP 403（app 上下文/会话失效）
2026-05-23 19:42:02,743 [WARNING] [yumeng] 失败 2 次（已 10 分钟）
2026-05-23 19:42:02,749 [INFO] === 本轮结束 ===
2026-05-23 19:42:02,749 [INFO] 等待 10 分钟后再跑一轮...
2026-05-23 19:52:02,844 [INFO] === 成绩监控启动 (PID 23791, 1 用户) ===
2026-05-23 19:52:02,846 [INFO] [yumeng] 开始查询成绩...
2026-05-23 19:52:02,849 [INFO] [2024012616] 已加载持久 cookies (9 个)
2026-05-23 19:52:03,004 [INFO] [yumeng] 会话已过期，重新登录...
2026-05-23 19:52:03,556 [INFO] [2024012616] CAS 登录成功
2026-05-23 19:52:03,598 [ERROR] [yumeng] 重新登录后仍失败: HTTP 403（app 上下文/会话失效）
2026-05-23 19:52:03,598 [WARNING] [yumeng] 失败 3 次（已 20 分钟）
2026-05-23 19:52:03,603 [INFO] === 本轮结束 ===
2026-05-23 19:52:03,604 [INFO] 等待 10 分钟后再跑一轮...
2026-05-23 20:02:03,696 [INFO] === 成绩监控启动 (PID 23791, 1 用户) ===
2026-05-23 20:02:03,697 [INFO] [yumeng] 开始查询成绩...
2026-05-23 20:02:03,699 [INFO] [2024012616] 已加载持久 cookies (9 个)
2026-05-23 20:02:03,789 [INFO] [yumeng] 会话已过期，重新登录...
2026-05-23 20:02:04,349 [INFO] [2024012616] CAS 登录成功
2026-05-23 20:02:04,393 [ERROR] [yumeng] 重新登录后仍失败: HTTP 403（app 上下文/会话失效）
2026-05-23 20:02:04,393 [WARNING] [yumeng] 失败 4 次（已 30 分钟）
2026-05-23 20:02:04,396 [INFO] === 本轮结束 ===
2026-05-23 20:02:04,397 [INFO] 等待 10 分钟后再跑一轮...
2026-05-23 20:12:04,473 [INFO] === 成绩监控启动 (PID 23791, 1 用户) ===
2026-05-23 20:12:04,473 [INFO] [yumeng] 开始查询成绩...
2026-05-23 20:12:04,474 [INFO] [2024012616] 已加载持久 cookies (9 个)
2026-05-23 20:12:04,564 [INFO] [yumeng] 会话已过期，重新登录...
2026-05-23 20:12:05,123 [INFO] [2024012616] CAS 登录成功
2026-05-23 20:12:05,163 [ERROR] [yumeng] 重新登录后仍失败: HTTP 403（app 上下文/会话失效）
2026-05-23 20:12:05,163 [WARNING] [yumeng] 失败 5 次（已 40 分钟）
2026-05-23 20:12:05,169 [INFO] === 本轮结束 ===
2026-05-23 20:12:05,169 [INFO] 等待 10 分钟后再跑一轮...
2026-05-23 20:22:05,182 [INFO] === 成绩监控启动 (PID 23791, 1 用户) ===
2026-05-23 20:22:05,183 [INFO] [yumeng] 开始查询成绩...
2026-05-23 20:22:05,183 [INFO] [2024012616] 已加载持久 cookies (9 个)
2026-05-23 20:22:05,258 [INFO] [yumeng] 会话已过期，重新登录...
2026-05-23 20:22:05,994 [INFO] [2024012616] CAS 登录成功
2026-05-23 20:22:06,038 [ERROR] [yumeng] 重新登录后仍失败: HTTP 403（app 上下文/会话失效）
2026-05-23 20:22:06,038 [WARNING] [yumeng] 失败 6 次（已 50 分钟）
2026-05-23 20:22:06,043 [INFO] === 本轮结束 ===
2026-05-23 20:22:06,044 [INFO] 等待 10 分钟后再跑一轮...
2026-05-23 20:32:06,140 [INFO] === 成绩监控启动 (PID 23791, 1 用户) ===
2026-05-23 20:32:06,141 [INFO] [yumeng] 开始查询成绩...
2026-05-23 20:32:06,142 [INFO] [2024012616] 已加载持久 cookies (9 个)
2026-05-23 20:32:06,219 [INFO] [yumeng] 会话已过期，重新登录...
2026-05-23 20:32:06,758 [INFO] [2024012616] CAS 登录成功
2026-05-23 20:32:09,063 [INFO] [yumeng] 暂无新成绩（共 44 条已知成绩）
2026-05-23 20:32:09,069 [INFO] === 本轮结束 ===
2026-05-23 20:32:09,069 [INFO] 等待 10 分钟后再跑一轮...
2026-05-23 20:42:09,190 [INFO] === 成绩监控启动 (PID 23791, 1 用户) ===
2026-05-23 20:42:09,190 [INFO] [yumeng] 开始查询成绩...
2026-05-23 20:42:09,191 [INFO] [2024012616] 已加载持久 cookies (9 个)
2026-05-23 20:42:10,095 [INFO] [yumeng] 暂无新成绩（共 44 条已知成绩）
2026-05-23 20:42:10,098 [INFO] === 本轮结束 ===
2026-05-23 20:42:10,099 [INFO] 等待 10 分钟后再跑一轮...
2026-05-23 20:52:10,191 [INFO] === 成绩监控启动 (PID 23791, 1 用户) ===
2026-05-23 20:52:10,192 [INFO] [yumeng] 开始查询成绩...
2026-05-23 20:52:10,194 [INFO] [2024012616] 已加载持久 cookies (9 个)
2026-05-23 20:52:11,389 [INFO] [yumeng] 暂无新成绩（共 44 条已知成绩）
2026-05-23 20:52:11,392 [INFO] === 本轮结束 ===
2026-05-23 20:52:11,393 [INFO] 等待 10 分钟后再跑一轮...
2026-05-23 21:02:11,492 [INFO] === 成绩监控启动 (PID 23791, 1 用户) ===
2026-05-23 21:02:11,494 [INFO] [yumeng] 开始查询成绩...
2026-05-23 21:02:11,497 [INFO] [2024012616] 已加载持久 cookies (9 个)
2026-05-23 21:02:12,985 [INFO] [yumeng] 暂无新成绩（共 44 条已知成绩）
2026-05-23 21:02:12,990 [INFO] === 本轮结束 ===
2026-05-23 21:02:12,991 [INFO] 等待 10 分钟后再跑一轮...
2026-05-23 21:12:13,105 [INFO] === 成绩监控启动 (PID 23791, 1 用户) ===
2026-05-23 21:12:13,106 [INFO] [yumeng] 开始查询成绩...
2026-05-23 21:12:13,110 [INFO] [2024012616] 已加载持久 cookies (9 个)
2026-05-23 21:12:13,904 [INFO] [yumeng] 暂无新成绩（共 44 条已知成绩）
2026-05-23 21:12:13,909 [INFO] === 本轮结束 ===
2026-05-23 21:12:13,910 [INFO] 等待 10 分钟后再跑一轮...
2026-05-23 21:22:14,000 [INFO] === 成绩监控启动 (PID 23791, 1 用户) ===
2026-05-23 21:22:14,000 [INFO] [yumeng] 开始查询成绩...
2026-05-23 21:22:14,001 [INFO] [2024012616] 已加载持久 cookies (9 个)
2026-05-23 21:22:15,010 [INFO] [yumeng] 暂无新成绩（共 44 条已知成绩）
2026-05-23 21:22:15,013 [INFO] === 本轮结束 ===
2026-05-23 21:22:15,014 [INFO] 等待 10 分钟后再跑一轮...
2026-05-23 21:32:15,139 [INFO] === 成绩监控启动 (PID 23791, 1 用户) ===
2026-05-23 21:32:15,140 [INFO] [yumeng] 开始查询成绩...
2026-05-23 21:32:15,142 [INFO] [2024012616] 已加载持久 cookies (9 个)
2026-05-23 21:32:16,180 [INFO] [yumeng] 暂无新成绩（共 44 条已知成绩）
2026-05-23 21:32:16,183 [INFO] === 本轮结束 ===
2026-05-23 21:32:16,184 [INFO] 等待 10 分钟后再跑一轮...
2026-05-23 21:42:16,265 [INFO] === 成绩监控启动 (PID 23791, 1 用户) ===
2026-05-23 21:42:16,266 [INFO] [yumeng] 开始查询成绩...
2026-05-23 21:42:16,268 [INFO] [2024012616] 已加载持久 cookies (9 个)
2026-05-23 21:42:17,256 [INFO] [yumeng] 暂无新成绩（共 44 条已知成绩）
2026-05-23 21:42:17,261 [INFO] === 本轮结束 ===
2026-05-23 21:42:17,261 [INFO] 等待 10 分钟后再跑一轮...
2026-05-23 21:52:17,332 [INFO] === 成绩监控启动 (PID 23791, 1 用户) ===
2026-05-23 21:52:17,332 [INFO] [yumeng] 开始查询成绩...
2026-05-23 21:52:17,334 [INFO] [2024012616] 已加载持久 cookies (9 个)
2026-05-23 21:52:18,367 [INFO] [yumeng] 暂无新成绩（共 44 条已知成绩）
2026-05-23 21:52:18,372 [INFO] === 本轮结束 ===
2026-05-23 21:52:18,372 [INFO] 等待 10 分钟后再跑一轮...
2026-05-23 22:02:18,470 [INFO] === 成绩监控启动 (PID 23791, 1 用户) ===
2026-05-23 22:02:18,471 [INFO] [yumeng] 开始查询成绩...
2026-05-23 22:02:18,473 [INFO] [2024012616] 已加载持久 cookies (9 个)
2026-05-23 22:02:19,771 [INFO] [yumeng] 暂无新成绩（共 44 条已知成绩）
2026-05-23 22:02:19,775 [INFO] === 本轮结束 ===
2026-05-23 22:02:19,776 [INFO] 等待 10 分钟后再跑一轮...
2026-05-23 22:12:19,785 [INFO] === 成绩监控启动 (PID 23791, 1 用户) ===
2026-05-23 22:12:19,785 [INFO] [yumeng] 开始查询成绩...
2026-05-23 22:12:19,787 [INFO] [2024012616] 已加载持久 cookies (9 个)
2026-05-23 22:12:21,216 [INFO] [yumeng] 暂无新成绩（共 44 条已知成绩）
2026-05-23 22:12:21,220 [INFO] === 本轮结束 ===
2026-05-23 22:12:21,220 [INFO] 等待 10 分钟后再跑一轮...
2026-05-23 22:22:21,263 [INFO] === 成绩监控启动 (PID 23791, 1 用户) ===
2026-05-23 22:22:21,264 [INFO] [yumeng] 开始查询成绩...
2026-05-23 22:22:21,265 [INFO] [2024012616] 已加载持久 cookies (9 个)
2026-05-23 22:22:22,326 [INFO] [yumeng] 暂无新成绩（共 44 条已知成绩）
2026-05-23 22:22:22,330 [INFO] === 本轮结束 ===
2026-05-23 22:22:22,331 [INFO] 等待 10 分钟后再跑一轮...
2026-05-23 22:32:22,441 [INFO] === 成绩监控启动 (PID 23791, 1 用户) ===
2026-05-23 22:32:22,441 [INFO] [yumeng] 开始查询成绩...
2026-05-23 22:32:22,442 [INFO] [2024012616] 已加载持久 cookies (9 个)
2026-05-23 22:32:23,930 [INFO] [yumeng] 暂无新成绩（共 44 条已知成绩）
2026-05-23 22:32:23,934 [INFO] === 本轮结束 ===
2026-05-23 22:32:23,934 [INFO] 等待 10 分钟后再跑一轮...
2026-05-23 22:42:24,084 [INFO] === 成绩监控启动 (PID 23791, 1 用户) ===
2026-05-23 22:42:24,084 [INFO] [yumeng] 开始查询成绩...
2026-05-23 22:42:24,085 [INFO] [2024012616] 已加载持久 cookies (9 个)
2026-05-23 22:42:25,740 [INFO] [yumeng] 暂无新成绩（共 44 条已知成绩）
2026-05-23 22:42:25,744 [INFO] === 本轮结束 ===
2026-05-23 22:42:25,744 [INFO] 等待 10 分钟后再跑一轮...
2026-05-23 22:52:25,809 [INFO] === 成绩监控启动 (PID 23791, 1 用户) ===
2026-05-23 22:52:25,809 [INFO] [yumeng] 开始查询成绩...
2026-05-23 22:52:25,810 [INFO] [2024012616] 已加载持久 cookies (9 个)
2026-05-23 22:52:26,629 [INFO] [yumeng] 暂无新成绩（共 44 条已知成绩）
2026-05-23 22:52:26,632 [INFO] === 本轮结束 ===
2026-05-23 22:52:26,633 [INFO] 等待 10 分钟后再跑一轮...
2026-05-23 23:02:26,847 [INFO] === 成绩监控启动 (PID 23791, 1 用户) ===
2026-05-23 23:02:26,847 [INFO] [yumeng] 开始查询成绩...
2026-05-23 23:02:26,848 [INFO] [2024012616] 已加载持久 cookies (9 个)
2026-05-23 23:02:27,668 [INFO] [yumeng] 暂无新成绩（共 44 条已知成绩）
2026-05-23 23:02:27,671 [INFO] === 本轮结束 ===
2026-05-23 23:02:27,671 [INFO] 等待 10 分钟后再跑一轮...
2026-05-23 23:12:27,734 [INFO] === 成绩监控启动 (PID 23791, 1 用户) ===
2026-05-23 23:12:27,734 [INFO] [yumeng] 开始查询成绩...
2026-05-23 23:12:27,735 [INFO] [2024012616] 已加载持久 cookies (9 个)
2026-05-23 23:12:29,174 [INFO] [yumeng] 暂无新成绩（共 44 条已知成绩）
2026-05-23 23:12:29,178 [INFO] === 本轮结束 ===
2026-05-23 23:12:29,178 [INFO] 等待 10 分钟后再跑一轮...
2026-05-23 23:22:29,342 [INFO] === 成绩监控启动 (PID 23791, 1 用户) ===
2026-05-23 23:22:29,342 [INFO] [yumeng] 开始查询成绩...
2026-05-23 23:22:29,343 [INFO] [2024012616] 已加载持久 cookies (9 个)
2026-05-23 23:22:30,799 [INFO] [yumeng] 暂无新成绩（共 44 条已知成绩）
2026-05-23 23:22:30,802 [INFO] === 本轮结束 ===
2026-05-23 23:22:30,803 [INFO] 等待 10 分钟后再跑一轮...
2026-05-23 23:32:30,985 [INFO] === 成绩监控启动 (PID 23791, 1 用户) ===
2026-05-23 23:32:30,985 [INFO] [yumeng] 开始查询成绩...
2026-05-23 23:32:30,986 [INFO] [2024012616] 已加载持久 cookies (9 个)
2026-05-23 23:32:32,407 [INFO] [yumeng] 暂无新成绩（共 44 条已知成绩）
2026-05-23 23:32:32,410 [INFO] === 本轮结束 ===
2026-05-23 23:32:32,411 [INFO] 等待 10 分钟后再跑一轮...
2026-05-23 23:42:32,581 [INFO] === 成绩监控启动 (PID 23791, 1 用户) ===
2026-05-23 23:42:32,581 [INFO] [yumeng] 开始查询成绩...
2026-05-23 23:42:32,582 [INFO] [2024012616] 已加载持久 cookies (9 个)
2026-05-23 23:42:34,019 [INFO] [yumeng] 暂无新成绩（共 44 条已知成绩）
2026-05-23 23:42:34,023 [INFO] === 本轮结束 ===
2026-05-23 23:42:34,024 [INFO] 等待 10 分钟后再跑一轮...
2026-05-23 23:52:34,188 [INFO] === 成绩监控启动 (PID 23791, 1 用户) ===
2026-05-23 23:52:34,188 [INFO] [yumeng] 开始查询成绩...
2026-05-23 23:52:34,189 [INFO] [2024012616] 已加载持久 cookies (9 个)
2026-05-23 23:52:34,286 [INFO] [yumeng] 会话已过期，重新登录...
2026-05-23 23:52:34,710 [INFO] [2024012616] CAS 登录成功
2026-05-23 23:52:35,700 [INFO] [yumeng] 暂无新成绩（共 44 条已知成绩）
2026-05-23 23:52:35,705 [INFO] === 本轮结束 ===
2026-05-23 23:52:35,706 [INFO] 等待 10 分钟后再跑一轮...
2026-05-24 00:02:35,907 [INFO] === 成绩监控启动 (PID 23791, 1 用户) ===
2026-05-24 00:02:35,908 [INFO] [yumeng] 开始查询成绩...
2026-05-24 00:02:35,909 [INFO] [2024012616] 已加载持久 cookies (9 个)
2026-05-24 00:02:37,443 [INFO] [yumeng] 暂无新成绩（共 44 条已知成绩）
2026-05-24 00:02:37,447 [INFO] === 本轮结束 ===
2026-05-24 00:02:37,447 [INFO] 等待 10 分钟后再跑一轮...
2026-05-24 00:12:37,641 [INFO] === 成绩监控启动 (PID 23791, 1 用户) ===
2026-05-24 00:12:37,641 [INFO] [yumeng] 开始查询成绩...
2026-05-24 00:12:37,642 [INFO] [2024012616] 已加载持久 cookies (9 个)
2026-05-24 00:12:38,948 [INFO] [yumeng] 暂无新成绩（共 44 条已知成绩）
2026-05-24 00:12:38,952 [INFO] === 本轮结束 ===
2026-05-24 00:12:38,952 [INFO] 等待 10 分钟后再跑一轮...
2026-05-24 00:22:39,050 [INFO] === 成绩监控启动 (PID 23791, 1 用户) ===
2026-05-24 00:22:39,050 [INFO] [yumeng] 开始查询成绩...
2026-05-24 00:22:39,051 [INFO] [2024012616] 已加载持久 cookies (9 个)
2026-05-24 00:22:40,350 [INFO] [yumeng] 暂无新成绩（共 44 条已知成绩）
2026-05-24 00:22:40,354 [INFO] === 本轮结束 ===
2026-05-24 00:22:40,354 [INFO] 等待 10 分钟后再跑一轮...
2026-05-24 00:32:40,443 [INFO] === 成绩监控启动 (PID 23791, 1 用户) ===
2026-05-24 00:32:40,443 [INFO] [yumeng] 开始查询成绩...
2026-05-24 00:32:40,444 [INFO] [2024012616] 已加载持久 cookies (9 个)
2026-05-24 00:32:42,514 [INFO] [yumeng] 暂无新成绩（共 44 条已知成绩）
2026-05-24 00:32:42,518 [INFO] === 本轮结束 ===
2026-05-24 00:32:42,518 [INFO] 等待 10 分钟后再跑一轮...
2026-05-24 00:42:42,692 [INFO] === 成绩监控启动 (PID 23791, 1 用户) ===
2026-05-24 00:42:42,692 [INFO] [yumeng] 开始查询成绩...
2026-05-24 00:42:42,693 [INFO] [2024012616] 已加载持久 cookies (9 个)
2026-05-24 00:42:43,926 [INFO] [yumeng] 暂无新成绩（共 44 条已知成绩）
2026-05-24 00:42:43,930 [INFO] === 本轮结束 ===
2026-05-24 00:42:43,930 [INFO] 等待 10 分钟后再跑一轮...
2026-05-24 00:52:44,005 [INFO] === 成绩监控启动 (PID 23791, 1 用户) ===
2026-05-24 00:52:44,005 [INFO] [yumeng] 开始查询成绩...
2026-05-24 00:52:44,007 [INFO] [2024012616] 已加载持久 cookies (9 个)
2026-05-24 00:52:45,034 [INFO] [yumeng] 暂无新成绩（共 44 条已知成绩）
2026-05-24 00:52:45,038 [INFO] === 本轮结束 ===
2026-05-24 00:52:45,038 [INFO] 等待 10 分钟后再跑一轮...
2026-05-24 01:02:45,240 [INFO] === 成绩监控启动 (PID 23791, 1 用户) ===
2026-05-24 01:02:45,240 [INFO] [yumeng] 开始查询成绩...
2026-05-24 01:02:45,241 [INFO] [2024012616] 已加载持久 cookies (9 个)
2026-05-24 01:02:46,075 [INFO] [yumeng] 暂无新成绩（共 44 条已知成绩）
2026-05-24 01:02:46,078 [INFO] === 本轮结束 ===
2026-05-24 01:02:46,079 [INFO] 等待 10 分钟后再跑一轮...
2026-05-24 01:12:46,267 [INFO] === 成绩监控启动 (PID 23791, 1 用户) ===
2026-05-24 01:12:46,268 [INFO] [yumeng] 开始查询成绩...
2026-05-24 01:12:46,269 [INFO] [2024012616] 已加载持久 cookies (9 个)
2026-05-24 01:12:47,173 [INFO] [yumeng] 暂无新成绩（共 44 条已知成绩）
2026-05-24 01:12:47,177 [INFO] === 本轮结束 ===
2026-05-24 01:12:47,177 [INFO] 等待 10 分钟后再跑一轮...
2026-05-24 01:22:47,206 [INFO] === 成绩监控启动 (PID 23791, 1 用户) ===
2026-05-24 01:22:47,206 [INFO] [yumeng] 开始查询成绩...
2026-05-24 01:22:47,207 [INFO] [2024012616] 已加载持久 cookies (9 个)
2026-05-24 01:22:49,294 [INFO] [yumeng] 暂无新成绩（共 44 条已知成绩）
2026-05-24 01:22:49,297 [INFO] === 本轮结束 ===
2026-05-24 01:22:49,298 [INFO] 等待 10 分钟后再跑一轮...
2026-05-24 01:32:49,456 [INFO] === 成绩监控启动 (PID 23791, 1 用户) ===
2026-05-24 01:32:49,456 [INFO] [yumeng] 开始查询成绩...
2026-05-24 01:32:49,457 [INFO] [2024012616] 已加载持久 cookies (9 个)
2026-05-24 01:32:50,494 [INFO] [yumeng] 暂无新成绩（共 44 条已知成绩）
2026-05-24 01:32:50,498 [INFO] === 本轮结束 ===
2026-05-24 01:32:50,498 [INFO] 等待 10 分钟后再跑一轮...
2026-05-24 01:42:50,695 [INFO] === 成绩监控启动 (PID 23791, 1 用户) ===
2026-05-24 01:42:50,696 [INFO] [yumeng] 开始查询成绩...
2026-05-24 01:42:50,697 [INFO] [2024012616] 已加载持久 cookies (9 个)
2026-05-24 01:42:51,724 [INFO] [yumeng] 暂无新成绩（共 44 条已知成绩）
2026-05-24 01:42:51,728 [INFO] === 本轮结束 ===
2026-05-24 01:42:51,729 [INFO] 等待 10 分钟后再跑一轮...
2026-05-24 01:52:51,897 [INFO] === 成绩监控启动 (PID 23791, 1 用户) ===
2026-05-24 01:52:51,897 [INFO] [yumeng] 开始查询成绩...
2026-05-24 01:52:51,899 [INFO] [2024012616] 已加载持久 cookies (9 个)
2026-05-24 01:52:53,613 [INFO] [yumeng] 暂无新成绩（共 44 条已知成绩）
2026-05-24 01:52:53,617 [INFO] === 本轮结束 ===
2026-05-24 01:52:53,617 [INFO] 等待 10 分钟后再跑一轮...
2026-05-24 02:02:53,646 [INFO] === 成绩监控启动 (PID 23791, 1 用户) ===
2026-05-24 02:02:53,646 [INFO] [yumeng] 开始查询成绩...
2026-05-24 02:02:53,647 [INFO] [2024012616] 已加载持久 cookies (9 个)
2026-05-24 02:02:55,121 [INFO] [yumeng] 暂无新成绩（共 44 条已知成绩）
2026-05-24 02:02:55,125 [INFO] === 本轮结束 ===
2026-05-24 02:02:55,125 [INFO] 等待 10 分钟后再跑一轮...
2026-05-24 02:12:55,277 [INFO] === 成绩监控启动 (PID 23791, 1 用户) ===
2026-05-24 02:12:55,278 [INFO] [yumeng] 开始查询成绩...
2026-05-24 02:12:55,279 [INFO] [2024012616] 已加载持久 cookies (9 个)
2026-05-24 02:12:56,085 [INFO] [yumeng] 暂无新成绩（共 44 条已知成绩）
2026-05-24 02:12:56,089 [INFO] === 本轮结束 ===
2026-05-24 02:12:56,089 [INFO] 等待 10 分钟后再跑一轮...
2026-05-24 02:22:56,280 [INFO] === 成绩监控启动 (PID 23791, 1 用户) ===
2026-05-24 02:22:56,281 [INFO] [yumeng] 开始查询成绩...
2026-05-24 02:22:56,282 [INFO] [2024012616] 已加载持久 cookies (9 个)
2026-05-24 02:22:57,282 [INFO] [yumeng] 暂无新成绩（共 44 条已知成绩）
2026-05-24 02:22:57,285 [INFO] === 本轮结束 ===
2026-05-24 02:22:57,286 [INFO] 等待 10 分钟后再跑一轮...
2026-05-24 02:32:57,480 [INFO] === 成绩监控启动 (PID 23791, 1 用户) ===
2026-05-24 02:32:57,480 [INFO] [yumeng] 开始查询成绩...
2026-05-24 02:32:57,482 [INFO] [2024012616] 已加载持久 cookies (9 个)
2026-05-24 02:32:58,986 [INFO] [yumeng] 暂无新成绩（共 44 条已知成绩）
2026-05-24 02:32:58,990 [INFO] === 本轮结束 ===
2026-05-24 02:32:58,990 [INFO] 等待 10 分钟后再跑一轮...
2026-05-24 02:42:59,190 [INFO] === 成绩监控启动 (PID 23791, 1 用户) ===
2026-05-24 02:42:59,190 [INFO] [yumeng] 开始查询成绩...
2026-05-24 02:42:59,191 [INFO] [2024012616] 已加载持久 cookies (9 个)
2026-05-24 02:43:00,491 [INFO] [yumeng] 暂无新成绩（共 44 条已知成绩）
2026-05-24 02:43:00,495 [INFO] === 本轮结束 ===
2026-05-24 02:43:00,495 [INFO] 等待 10 分钟后再跑一轮...
2026-05-24 02:53:00,692 [INFO] === 成绩监控启动 (PID 23791, 1 用户) ===
2026-05-24 02:53:00,693 [INFO] [yumeng] 开始查询成绩...
2026-05-24 02:53:00,694 [INFO] [2024012616] 已加载持久 cookies (9 个)
2026-05-24 02:53:01,993 [INFO] [yumeng] 暂无新成绩（共 44 条已知成绩）
2026-05-24 02:53:01,997 [INFO] === 本轮结束 ===
2026-05-24 02:53:01,998 [INFO] 等待 10 分钟后再跑一轮...
2026-05-24 03:03:02,008 [INFO] === 成绩监控启动 (PID 23791, 1 用户) ===
2026-05-24 03:03:02,009 [INFO] [yumeng] 开始查询成绩...
2026-05-24 03:03:02,010 [INFO] [2024012616] 已加载持久 cookies (9 个)
2026-05-24 03:03:03,703 [INFO] [yumeng] 暂无新成绩（共 44 条已知成绩）
2026-05-24 03:03:03,707 [INFO] === 本轮结束 ===
2026-05-24 03:03:03,707 [INFO] 等待 10 分钟后再跑一轮...
2026-05-24 03:13:03,900 [INFO] === 成绩监控启动 (PID 23791, 1 用户) ===
2026-05-24 03:13:03,900 [INFO] [yumeng] 开始查询成绩...
2026-05-24 03:13:03,901 [INFO] [2024012616] 已加载持久 cookies (9 个)
2026-05-24 03:13:03,995 [INFO] [yumeng] 会话已过期，重新登录...
2026-05-24 03:13:04,678 [INFO] [2024012616] CAS 登录成功
2026-05-24 03:13:05,811 [INFO] [yumeng] 暂无新成绩（共 44 条已知成绩）
2026-05-24 03:13:05,816 [INFO] === 本轮结束 ===
2026-05-24 03:13:05,816 [INFO] 等待 10 分钟后再跑一轮...
2026-05-24 03:23:06,005 [INFO] === 成绩监控启动 (PID 23791, 1 用户) ===
2026-05-24 03:23:06,006 [INFO] [yumeng] 开始查询成绩...
2026-05-24 03:23:06,007 [INFO] [2024012616] 已加载持久 cookies (9 个)
2026-05-24 03:23:07,217 [INFO] [yumeng] 暂无新成绩（共 44 条已知成绩）
2026-05-24 03:23:07,221 [INFO] === 本轮结束 ===
2026-05-24 03:23:07,221 [INFO] 等待 10 分钟后再跑一轮...
2026-05-24 03:33:07,272 [INFO] === 成绩监控启动 (PID 23791, 1 用户) ===
2026-05-24 03:33:07,272 [INFO] [yumeng] 开始查询成绩...
2026-05-24 03:33:07,274 [INFO] [2024012616] 已加载持久 cookies (9 个)
2026-05-24 03:33:08,936 [INFO] [yumeng] 暂无新成绩（共 44 条已知成绩）
2026-05-24 03:33:08,940 [INFO] === 本轮结束 ===
2026-05-24 03:33:08,941 [INFO] 等待 10 分钟后再跑一轮...
2026-05-24 03:43:09,124 [INFO] === 成绩监控启动 (PID 23791, 1 用户) ===
2026-05-24 03:43:09,125 [INFO] [yumeng] 开始查询成绩...
2026-05-24 03:43:09,126 [INFO] [2024012616] 已加载持久 cookies (9 个)
2026-05-24 03:43:10,032 [INFO] [yumeng] 暂无新成绩（共 44 条已知成绩）
2026-05-24 03:43:10,035 [INFO] === 本轮结束 ===
2026-05-24 03:43:10,036 [INFO] 等待 10 分钟后再跑一轮...
2026-05-24 03:53:10,235 [INFO] === 成绩监控启动 (PID 23791, 1 用户) ===
2026-05-24 03:53:10,236 [INFO] [yumeng] 开始查询成绩...
2026-05-24 03:53:10,237 [INFO] [2024012616] 已加载持久 cookies (9 个)
2026-05-24 03:53:11,333 [INFO] [yumeng] 暂无新成绩（共 44 条已知成绩）
2026-05-24 03:53:11,336 [INFO] === 本轮结束 ===
2026-05-24 03:53:11,337 [INFO] 等待 10 分钟后再跑一轮...
2026-05-24 04:03:11,394 [INFO] === 成绩监控启动 (PID 23791, 1 用户) ===
2026-05-24 04:03:11,395 [INFO] [yumeng] 开始查询成绩...
2026-05-24 04:03:11,396 [INFO] [2024012616] 已加载持久 cookies (9 个)
2026-05-24 04:03:12,428 [INFO] [yumeng] 暂无新成绩（共 44 条已知成绩）
2026-05-24 04:03:12,432 [INFO] === 本轮结束 ===
2026-05-24 04:03:12,432 [INFO] 等待 10 分钟后再跑一轮...
2026-05-24 04:13:12,491 [INFO] === 成绩监控启动 (PID 23791, 1 用户) ===
2026-05-24 04:13:12,492 [INFO] [yumeng] 开始查询成绩...
2026-05-24 04:13:12,493 [INFO] [2024012616] 已加载持久 cookies (9 个)
2026-05-24 04:13:13,514 [INFO] [yumeng] 暂无新成绩（共 44 条已知成绩）
2026-05-24 04:13:13,517 [INFO] === 本轮结束 ===
2026-05-24 04:13:13,517 [INFO] 等待 10 分钟后再跑一轮...
2026-05-24 04:23:13,680 [INFO] === 成绩监控启动 (PID 23791, 1 用户) ===
2026-05-24 04:23:13,681 [INFO] [yumeng] 开始查询成绩...
2026-05-24 04:23:13,682 [INFO] [2024012616] 已加载持久 cookies (9 个)
2026-05-24 04:23:15,119 [INFO] [yumeng] 暂无新成绩（共 44 条已知成绩）
2026-05-24 04:23:15,122 [INFO] === 本轮结束 ===
2026-05-24 04:23:15,123 [INFO] 等待 10 分钟后再跑一轮...
2026-05-24 04:33:15,298 [INFO] === 成绩监控启动 (PID 23791, 1 用户) ===
2026-05-24 04:33:15,299 [INFO] [yumeng] 开始查询成绩...
2026-05-24 04:33:15,300 [INFO] [2024012616] 已加载持久 cookies (9 个)
2026-05-24 04:33:16,418 [INFO] [yumeng] 暂无新成绩（共 44 条已知成绩）
2026-05-24 04:33:16,422 [INFO] === 本轮结束 ===
2026-05-24 04:33:16,422 [INFO] 等待 10 分钟后再跑一轮...
2026-05-24 04:43:16,542 [INFO] === 成绩监控启动 (PID 23791, 1 用户) ===
2026-05-24 04:43:16,543 [INFO] [yumeng] 开始查询成绩...
2026-05-24 04:43:16,544 [INFO] [2024012616] 已加载持久 cookies (9 个)
2026-05-24 04:43:17,524 [INFO] [yumeng] 暂无新成绩（共 44 条已知成绩）
2026-05-24 04:43:17,527 [INFO] === 本轮结束 ===
2026-05-24 04:43:17,528 [INFO] 等待 10 分钟后再跑一轮...
2026-05-24 04:53:17,703 [INFO] === 成绩监控启动 (PID 23791, 1 用户) ===
2026-05-24 04:53:17,703 [INFO] [yumeng] 开始查询成绩...
2026-05-24 04:53:17,704 [INFO] [2024012616] 已加载持久 cookies (9 个)
2026-05-24 04:53:18,711 [INFO] [yumeng] 暂无新成绩（共 44 条已知成绩）
2026-05-24 04:53:18,715 [INFO] === 本轮结束 ===
2026-05-24 04:53:18,715 [INFO] 等待 10 分钟后再跑一轮...
2026-05-24 05:03:18,777 [INFO] === 成绩监控启动 (PID 23791, 1 用户) ===
2026-05-24 05:03:18,777 [INFO] [yumeng] 开始查询成绩...
2026-05-24 05:03:18,778 [INFO] [2024012616] 已加载持久 cookies (9 个)
2026-05-24 05:03:19,909 [INFO] [yumeng] 暂无新成绩（共 44 条已知成绩）
2026-05-24 05:03:19,913 [INFO] === 本轮结束 ===
2026-05-24 05:03:19,913 [INFO] 等待 10 分钟后再跑一轮...
2026-05-24 05:13:20,112 [INFO] === 成绩监控启动 (PID 23791, 1 用户) ===
2026-05-24 05:13:20,112 [INFO] [yumeng] 开始查询成绩...
2026-05-24 05:13:20,113 [INFO] [2024012616] 已加载持久 cookies (9 个)
2026-05-24 05:13:20,899 [INFO] [yumeng] 暂无新成绩（共 44 条已知成绩）
2026-05-24 05:13:20,902 [INFO] === 本轮结束 ===
2026-05-24 05:13:20,903 [INFO] 等待 10 分钟后再跑一轮...
2026-05-24 05:23:20,971 [INFO] === 成绩监控启动 (PID 23791, 1 用户) ===
2026-05-24 05:23:20,971 [INFO] [yumeng] 开始查询成绩...
2026-05-24 05:23:20,973 [INFO] [2024012616] 已加载持久 cookies (9 个)
2026-05-24 05:23:22,202 [INFO] [yumeng] 暂无新成绩（共 44 条已知成绩）
2026-05-24 05:23:22,206 [INFO] === 本轮结束 ===
2026-05-24 05:23:22,206 [INFO] 等待 10 分钟后再跑一轮...
2026-05-24 05:33:22,396 [INFO] === 成绩监控启动 (PID 23791, 1 用户) ===
2026-05-24 05:33:22,397 [INFO] [yumeng] 开始查询成绩...
2026-05-24 05:33:22,398 [INFO] [2024012616] 已加载持久 cookies (9 个)
2026-05-24 05:33:23,286 [INFO] [yumeng] 暂无新成绩（共 44 条已知成绩）
2026-05-24 05:33:23,289 [INFO] === 本轮结束 ===
2026-05-24 05:33:23,290 [INFO] 等待 10 分钟后再跑一轮...
2026-05-24 05:43:23,452 [INFO] === 成绩监控启动 (PID 23791, 1 用户) ===
2026-05-24 05:43:23,455 [INFO] [yumeng] 开始查询成绩...
2026-05-24 05:43:23,456 [INFO] [2024012616] 已加载持久 cookies (9 个)
2026-05-24 05:43:24,894 [INFO] [yumeng] 暂无新成绩（共 44 条已知成绩）
2026-05-24 05:43:24,898 [INFO] === 本轮结束 ===
2026-05-24 05:43:24,899 [INFO] 等待 10 分钟后再跑一轮...
2026-05-24 05:53:24,927 [INFO] === 成绩监控启动 (PID 23791, 1 用户) ===
2026-05-24 05:53:24,928 [INFO] [yumeng] 开始查询成绩...
2026-05-24 05:53:24,929 [INFO] [2024012616] 已加载持久 cookies (9 个)
2026-05-24 05:53:25,987 [INFO] [yumeng] 暂无新成绩（共 44 条已知成绩）
2026-05-24 05:53:25,990 [INFO] === 本轮结束 ===
2026-05-24 05:53:25,991 [INFO] 等待 10 分钟后再跑一轮...
2026-05-24 06:03:26,189 [INFO] === 成绩监控启动 (PID 23791, 1 用户) ===
2026-05-24 06:03:26,189 [INFO] [yumeng] 开始查询成绩...
2026-05-24 06:03:26,190 [INFO] [2024012616] 已加载持久 cookies (9 个)
2026-05-24 06:03:27,184 [INFO] [yumeng] 暂无新成绩（共 44 条已知成绩）
2026-05-24 06:03:27,188 [INFO] === 本轮结束 ===
2026-05-24 06:03:27,188 [INFO] 等待 10 分钟后再跑一轮...
2026-05-24 06:13:27,385 [INFO] === 成绩监控启动 (PID 23791, 1 用户) ===
2026-05-24 06:13:27,385 [INFO] [yumeng] 开始查询成绩...
2026-05-24 06:13:27,386 [INFO] [2024012616] 已加载持久 cookies (9 个)
2026-05-24 06:13:28,174 [INFO] [yumeng] 暂无新成绩（共 44 条已知成绩）
2026-05-24 06:13:28,177 [INFO] === 本轮结束 ===
2026-05-24 06:13:28,178 [INFO] 等待 10 分钟后再跑一轮...
2026-05-24 06:23:28,344 [INFO] === 成绩监控启动 (PID 23791, 1 用户) ===
2026-05-24 06:23:28,344 [INFO] [yumeng] 开始查询成绩...
2026-05-24 06:23:28,345 [INFO] [2024012616] 已加载持久 cookies (9 个)
2026-05-24 06:23:29,166 [INFO] [yumeng] 暂无新成绩（共 44 条已知成绩）
2026-05-24 06:23:29,170 [INFO] === 本轮结束 ===
2026-05-24 06:23:29,170 [INFO] 等待 10 分钟后再跑一轮...
2026-05-24 06:33:29,238 [INFO] === 成绩监控启动 (PID 23791, 1 用户) ===
2026-05-24 06:33:29,239 [INFO] [yumeng] 开始查询成绩...
2026-05-24 06:33:29,240 [INFO] [2024012616] 已加载持久 cookies (9 个)
2026-05-24 06:33:30,228 [INFO] [yumeng] 暂无新成绩（共 44 条已知成绩）
2026-05-24 06:33:30,232 [INFO] === 本轮结束 ===
2026-05-24 06:33:30,232 [INFO] 等待 10 分钟后再跑一轮...
2026-05-24 06:43:30,350 [INFO] === 成绩监控启动 (PID 23791, 1 用户) ===
2026-05-24 06:43:30,350 [INFO] [yumeng] 开始查询成绩...
2026-05-24 06:43:30,351 [INFO] [2024012616] 已加载持久 cookies (9 个)
2026-05-24 06:43:30,445 [INFO] [yumeng] 会话已过期，重新登录...
2026-05-24 06:43:30,978 [INFO] [2024012616] CAS 登录成功
2026-05-24 06:43:31,928 [INFO] [yumeng] 暂无新成绩（共 44 条已知成绩）
2026-05-24 06:43:31,933 [INFO] === 本轮结束 ===
2026-05-24 06:43:31,933 [INFO] 等待 10 分钟后再跑一轮...
2026-05-24 06:53:31,942 [INFO] === 成绩监控启动 (PID 23791, 1 用户) ===
2026-05-24 06:53:31,942 [INFO] [yumeng] 开始查询成绩...
2026-05-24 06:53:31,943 [INFO] [2024012616] 已加载持久 cookies (9 个)
2026-05-24 06:53:32,756 [INFO] [yumeng] 暂无新成绩（共 44 条已知成绩）
2026-05-24 06:53:32,760 [INFO] === 本轮结束 ===
2026-05-24 06:53:32,760 [INFO] 等待 10 分钟后再跑一轮...
2026-05-24 07:03:32,941 [INFO] === 成绩监控启动 (PID 23791, 1 用户) ===
2026-05-24 07:03:32,942 [INFO] [yumeng] 开始查询成绩...
2026-05-24 07:03:32,943 [INFO] [2024012616] 已加载持久 cookies (9 个)
2026-05-24 07:03:33,849 [INFO] [yumeng] 暂无新成绩（共 44 条已知成绩）
2026-05-24 07:03:33,853 [INFO] === 本轮结束 ===
2026-05-24 07:03:33,853 [INFO] 等待 10 分钟后再跑一轮...
2026-05-24 07:13:34,007 [INFO] === 成绩监控启动 (PID 23791, 1 用户) ===
2026-05-24 07:13:34,007 [INFO] [yumeng] 开始查询成绩...
2026-05-24 07:13:34,008 [INFO] [2024012616] 已加载持久 cookies (9 个)
2026-05-24 07:13:35,048 [INFO] [yumeng] 暂无新成绩（共 44 条已知成绩）
2026-05-24 07:13:35,052 [INFO] === 本轮结束 ===
2026-05-24 07:13:35,052 [INFO] 等待 10 分钟后再跑一轮...
2026-05-24 07:23:35,222 [INFO] === 成绩监控启动 (PID 23791, 1 用户) ===
2026-05-24 07:23:35,222 [INFO] [yumeng] 开始查询成绩...
2026-05-24 07:23:35,224 [INFO] [2024012616] 已加载持久 cookies (9 个)
2026-05-24 07:23:36,140 [INFO] [yumeng] 暂无新成绩（共 44 条已知成绩）
2026-05-24 07:23:36,144 [INFO] === 本轮结束 ===
2026-05-24 07:23:36,144 [INFO] 等待 10 分钟后再跑一轮...
2026-05-24 07:33:36,151 [INFO] === 成绩监控启动 (PID 23791, 1 用户) ===
2026-05-24 07:33:36,152 [INFO] [yumeng] 开始查询成绩...
2026-05-24 07:33:36,153 [INFO] [2024012616] 已加载持久 cookies (9 个)
2026-05-24 07:33:37,159 [INFO] [yumeng] 暂无新成绩（共 44 条已知成绩）
2026-05-24 07:33:37,163 [INFO] === 本轮结束 ===
2026-05-24 07:33:37,163 [INFO] 等待 10 分钟后再跑一轮...
2026-05-24 07:43:37,355 [INFO] === 成绩监控启动 (PID 23791, 1 用户) ===
2026-05-24 07:43:37,356 [INFO] [yumeng] 开始查询成绩...
2026-05-24 07:43:37,357 [INFO] [2024012616] 已加载持久 cookies (9 个)
2026-05-24 07:43:38,319 [INFO] [yumeng] 暂无新成绩（共 44 条已知成绩）
2026-05-24 07:43:38,323 [INFO] === 本轮结束 ===
2026-05-24 07:43:38,323 [INFO] 等待 10 分钟后再跑一轮...
2026-05-24 07:53:38,475 [INFO] === 成绩监控启动 (PID 23791, 1 用户) ===
2026-05-24 07:53:38,475 [INFO] [yumeng] 开始查询成绩...
2026-05-24 07:53:38,476 [INFO] [2024012616] 已加载持久 cookies (9 个)
2026-05-24 07:53:39,542 [INFO] [yumeng] 暂无新成绩（共 44 条已知成绩）
2026-05-24 07:53:39,546 [INFO] === 本轮结束 ===
2026-05-24 07:53:39,546 [INFO] 等待 10 分钟后再跑一轮...
2026-05-24 08:03:39,735 [INFO] === 成绩监控启动 (PID 23791, 1 用户) ===
2026-05-24 08:03:39,736 [INFO] [yumeng] 开始查询成绩...
2026-05-24 08:03:39,737 [INFO] [2024012616] 已加载持久 cookies (9 个)
2026-05-24 08:03:41,244 [INFO] [yumeng] 暂无新成绩（共 44 条已知成绩）
2026-05-24 08:03:41,248 [INFO] === 本轮结束 ===
2026-05-24 08:03:41,248 [INFO] 等待 10 分钟后再跑一轮...
2026-05-24 08:13:41,407 [INFO] === 成绩监控启动 (PID 23791, 1 用户) ===
2026-05-24 08:13:41,408 [INFO] [yumeng] 开始查询成绩...
2026-05-24 08:13:41,409 [INFO] [2024012616] 已加载持久 cookies (9 个)
2026-05-24 08:13:42,232 [INFO] [yumeng] 暂无新成绩（共 44 条已知成绩）
2026-05-24 08:13:42,235 [INFO] === 本轮结束 ===
2026-05-24 08:13:42,236 [INFO] 等待 10 分钟后再跑一轮...
2026-05-24 08:23:42,332 [INFO] === 成绩监控启动 (PID 23791, 1 用户) ===
2026-05-24 08:23:42,332 [INFO] [yumeng] 开始查询成绩...
2026-05-24 08:23:42,333 [INFO] [2024012616] 已加载持久 cookies (9 个)
2026-05-24 08:23:43,634 [INFO] [yumeng] 暂无新成绩（共 44 条已知成绩）
2026-05-24 08:23:43,637 [INFO] === 本轮结束 ===
2026-05-24 08:23:43,638 [INFO] 等待 10 分钟后再跑一轮...
2026-05-24 08:33:43,824 [INFO] === 成绩监控启动 (PID 23791, 1 用户) ===
2026-05-24 08:33:43,824 [INFO] [yumeng] 开始查询成绩...
2026-05-24 08:33:43,825 [INFO] [2024012616] 已加载持久 cookies (9 个)
2026-05-24 08:33:45,237 [INFO] [yumeng] 暂无新成绩（共 44 条已知成绩）
2026-05-24 08:33:45,241 [INFO] === 本轮结束 ===
2026-05-24 08:33:45,241 [INFO] 等待 10 分钟后再跑一轮...
2026-05-24 08:43:45,434 [INFO] === 成绩监控启动 (PID 23791, 1 用户) ===
2026-05-24 08:43:45,434 [INFO] [yumeng] 开始查询成绩...
2026-05-24 08:43:45,435 [INFO] [2024012616] 已加载持久 cookies (9 个)
2026-05-24 08:43:46,736 [INFO] [yumeng] 暂无新成绩（共 44 条已知成绩）
2026-05-24 08:43:46,740 [INFO] === 本轮结束 ===
2026-05-24 08:43:46,740 [INFO] 等待 10 分钟后再跑一轮...
2026-05-24 08:53:46,932 [INFO] === 成绩监控启动 (PID 23791, 1 用户) ===
2026-05-24 08:53:46,933 [INFO] [yumeng] 开始查询成绩...
2026-05-24 08:53:46,934 [INFO] [2024012616] 已加载持久 cookies (9 个)
2026-05-24 08:53:48,641 [INFO] [yumeng] 暂无新成绩（共 44 条已知成绩）
2026-05-24 08:53:48,645 [INFO] === 本轮结束 ===
2026-05-24 08:53:48,646 [INFO] 等待 10 分钟后再跑一轮...
2026-05-24 09:03:48,780 [INFO] === 成绩监控启动 (PID 23791, 1 用户) ===
2026-05-24 09:03:48,780 [INFO] [yumeng] 开始查询成绩...
2026-05-24 09:03:48,781 [INFO] [2024012616] 已加载持久 cookies (9 个)
2026-05-24 09:03:50,448 [INFO] [yumeng] 暂无新成绩（共 44 条已知成绩）
2026-05-24 09:03:50,452 [INFO] === 本轮结束 ===
2026-05-24 09:03:50,452 [INFO] 等待 10 分钟后再跑一轮...
2026-05-24 09:13:50,705 [INFO] === 成绩监控启动 (PID 23791, 1 用户) ===
2026-05-24 09:13:50,706 [INFO] [yumeng] 开始查询成绩...
2026-05-24 09:13:50,707 [INFO] [2024012616] 已加载持久 cookies (9 个)
2026-05-24 09:13:52,323 [INFO] [yumeng] 暂无新成绩（共 44 条已知成绩）
2026-05-24 09:13:52,327 [INFO] === 本轮结束 ===
2026-05-24 09:13:52,327 [INFO] 等待 10 分钟后再跑一轮...
2026-05-24 09:23:52,493 [INFO] === 成绩监控启动 (PID 23791, 1 用户) ===
2026-05-24 09:23:52,494 [INFO] [yumeng] 开始查询成绩...
2026-05-24 09:23:52,495 [INFO] [2024012616] 已加载持久 cookies (9 个)
2026-05-24 09:23:53,519 [INFO] [yumeng] 暂无新成绩（共 44 条已知成绩）
2026-05-24 09:23:53,523 [INFO] === 本轮结束 ===
2026-05-24 09:23:53,523 [INFO] 等待 10 分钟后再跑一轮...
2026-05-24 09:33:53,580 [INFO] === 成绩监控启动 (PID 23791, 1 用户) ===
2026-05-24 09:33:53,580 [INFO] [yumeng] 开始查询成绩...
2026-05-24 09:33:53,581 [INFO] [2024012616] 已加载持久 cookies (9 个)
2026-05-24 09:33:55,127 [INFO] [yumeng] 暂无新成绩（共 44 条已知成绩）
2026-05-24 09:33:55,131 [INFO] === 本轮结束 ===
2026-05-24 09:33:55,131 [INFO] 等待 10 分钟后再跑一轮...
2026-05-24 09:43:55,306 [INFO] === 成绩监控启动 (PID 23791, 1 用户) ===
2026-05-24 09:43:55,306 [INFO] [yumeng] 开始查询成绩...
2026-05-24 09:43:55,307 [INFO] [2024012616] 已加载持久 cookies (9 个)
2026-05-24 09:43:56,321 [INFO] [yumeng] 暂无新成绩（共 44 条已知成绩）
2026-05-24 09:43:56,325 [INFO] === 本轮结束 ===
2026-05-24 09:43:56,325 [INFO] 等待 10 分钟后再跑一轮...
2026-05-24 09:53:56,523 [INFO] === 成绩监控启动 (PID 23791, 1 用户) ===
2026-05-24 09:53:56,524 [INFO] [yumeng] 开始查询成绩...
2026-05-24 09:53:56,525 [INFO] [2024012616] 已加载持久 cookies (9 个)
2026-05-24 09:53:57,559 [INFO] [yumeng] 暂无新成绩（共 44 条已知成绩）
2026-05-24 09:53:57,562 [INFO] === 本轮结束 ===
2026-05-24 09:53:57,563 [INFO] 等待 10 分钟后再跑一轮...
2026-05-24 10:03:57,601 [INFO] === 成绩监控启动 (PID 23791, 1 用户) ===
2026-05-24 10:03:57,602 [INFO] [yumeng] 开始查询成绩...
2026-05-24 10:03:57,603 [INFO] [2024012616] 已加载持久 cookies (9 个)
2026-05-24 10:03:59,055 [INFO] [yumeng] 暂无新成绩（共 44 条已知成绩）
2026-05-24 10:03:59,058 [INFO] === 本轮结束 ===
2026-05-24 10:03:59,059 [INFO] 等待 10 分钟后再跑一轮...
2026-05-24 10:13:59,254 [INFO] === 成绩监控启动 (PID 23791, 1 用户) ===
2026-05-24 10:13:59,254 [INFO] [yumeng] 开始查询成绩...
2026-05-24 10:13:59,256 [INFO] [2024012616] 已加载持久 cookies (9 个)
2026-05-24 10:13:59,349 [INFO] [yumeng] 会话已过期，重新登录...
2026-05-24 10:13:59,776 [INFO] [2024012616] CAS 登录成功
2026-05-24 10:14:00,533 [INFO] [yumeng] 暂无新成绩（共 44 条已知成绩）
2026-05-24 10:14:00,538 [INFO] === 本轮结束 ===
2026-05-24 10:14:00,539 [INFO] 等待 10 分钟后再跑一轮...
2026-05-24 10:24:00,668 [INFO] === 成绩监控启动 (PID 23791, 1 用户) ===
2026-05-24 10:24:00,668 [INFO] [yumeng] 开始查询成绩...
2026-05-24 10:24:00,669 [INFO] [2024012616] 已加载持久 cookies (9 个)
2026-05-24 10:24:02,067 [INFO] [yumeng] 暂无新成绩（共 44 条已知成绩）
2026-05-24 10:24:02,071 [INFO] === 本轮结束 ===
2026-05-24 10:24:02,072 [INFO] 等待 10 分钟后再跑一轮...
2026-05-24 10:34:02,231 [INFO] === 成绩监控启动 (PID 23791, 1 用户) ===
2026-05-24 10:34:02,233 [INFO] [yumeng] 开始查询成绩...
2026-05-24 10:34:02,234 [INFO] [2024012616] 已加载持久 cookies (9 个)
2026-05-24 10:34:03,338 [INFO] [yumeng] 暂无新成绩（共 44 条已知成绩）
2026-05-24 10:34:03,342 [INFO] === 本轮结束 ===
2026-05-24 10:34:03,342 [INFO] 等待 10 分钟后再跑一轮...
2026-05-24 10:44:03,456 [INFO] === 成绩监控启动 (PID 23791, 1 用户) ===
2026-05-24 10:44:03,456 [INFO] [yumeng] 开始查询成绩...
2026-05-24 10:44:03,458 [INFO] [2024012616] 已加载持久 cookies (9 个)
2026-05-24 10:44:04,329 [INFO] [yumeng] 暂无新成绩（共 44 条已知成绩）
2026-05-24 10:44:04,332 [INFO] === 本轮结束 ===
2026-05-24 10:44:04,333 [INFO] 等待 10 分钟后再跑一轮...
2026-05-24 10:54:04,514 [INFO] === 成绩监控启动 (PID 23791, 1 用户) ===
2026-05-24 10:54:04,515 [INFO] [yumeng] 开始查询成绩...
2026-05-24 10:54:04,516 [INFO] [2024012616] 已加载持久 cookies (9 个)
2026-05-24 10:54:06,036 [INFO] [yumeng] 暂无新成绩（共 44 条已知成绩）
2026-05-24 10:54:06,040 [INFO] === 本轮结束 ===
2026-05-24 10:54:06,040 [INFO] 等待 10 分钟后再跑一轮...
2026-05-24 11:04:06,211 [INFO] === 成绩监控启动 (PID 23791, 1 用户) ===
2026-05-24 11:04:06,212 [INFO] [yumeng] 开始查询成绩...
2026-05-24 11:04:06,213 [INFO] [2024012616] 已加载持久 cookies (9 个)
2026-05-24 11:04:07,216 [INFO] [yumeng] 暂无新成绩（共 44 条已知成绩）
2026-05-24 11:04:07,220 [INFO] === 本轮结束 ===
2026-05-24 11:04:07,220 [INFO] 等待 10 分钟后再跑一轮...
2026-05-24 11:14:07,408 [INFO] === 成绩监控启动 (PID 23791, 1 用户) ===
2026-05-24 11:14:07,409 [INFO] [yumeng] 开始查询成绩...
2026-05-24 11:14:07,410 [INFO] [2024012616] 已加载持久 cookies (9 个)
2026-05-24 11:14:08,532 [INFO] [yumeng] 暂无新成绩（共 44 条已知成绩）
2026-05-24 11:14:08,535 [INFO] === 本轮结束 ===
2026-05-24 11:14:08,536 [INFO] 等待 10 分钟后再跑一轮...
2026-05-24 11:24:08,723 [INFO] === 成绩监控启动 (PID 23791, 1 用户) ===
2026-05-24 11:24:08,724 [INFO] [yumeng] 开始查询成绩...
2026-05-24 11:24:08,725 [INFO] [2024012616] 已加载持久 cookies (9 个)
2026-05-24 11:24:10,038 [INFO] [yumeng] 暂无新成绩（共 44 条已知成绩）
2026-05-24 11:24:10,042 [INFO] === 本轮结束 ===
2026-05-24 11:24:10,043 [INFO] 等待 10 分钟后再跑一轮...
2026-05-24 11:34:10,203 [INFO] === 成绩监控启动 (PID 23791, 1 用户) ===
2026-05-24 11:34:10,203 [INFO] [yumeng] 开始查询成绩...
2026-05-24 11:34:10,204 [INFO] [2024012616] 已加载持久 cookies (9 个)
2026-05-24 11:34:11,028 [INFO] [yumeng] 暂无新成绩（共 44 条已知成绩）
2026-05-24 11:34:11,032 [INFO] === 本轮结束 ===
2026-05-24 11:34:11,032 [INFO] 等待 10 分钟后再跑一轮...
2026-05-24 11:44:11,218 [INFO] === 成绩监控启动 (PID 23791, 1 用户) ===
2026-05-24 11:44:11,218 [INFO] [yumeng] 开始查询成绩...
2026-05-24 11:44:11,219 [INFO] [2024012616] 已加载持久 cookies (9 个)
2026-05-24 11:44:12,532 [INFO] [yumeng] 暂无新成绩（共 44 条已知成绩）
2026-05-24 11:44:12,536 [INFO] === 本轮结束 ===
2026-05-24 11:44:12,536 [INFO] 等待 10 分钟后再跑一轮...
2026-05-24 11:54:12,717 [INFO] === 成绩监控启动 (PID 23791, 1 用户) ===
2026-05-24 11:54:12,717 [INFO] [yumeng] 开始查询成绩...
2026-05-24 11:54:12,718 [INFO] [2024012616] 已加载持久 cookies (9 个)
2026-05-24 11:54:13,929 [INFO] [yumeng] 暂无新成绩（共 44 条已知成绩）
2026-05-24 11:54:13,933 [INFO] === 本轮结束 ===
2026-05-24 11:54:13,933 [INFO] 等待 10 分钟后再跑一轮...
2026-05-24 12:04:14,057 [INFO] === 成绩监控启动 (PID 23791, 1 用户) ===
2026-05-24 12:04:14,057 [INFO] [yumeng] 开始查询成绩...
2026-05-24 12:04:14,059 [INFO] [2024012616] 已加载持久 cookies (9 个)
2026-05-24 12:04:15,334 [INFO] [yumeng] 暂无新成绩（共 44 条已知成绩）
2026-05-24 12:04:15,338 [INFO] === 本轮结束 ===
2026-05-24 12:04:15,338 [INFO] 等待 10 分钟后再跑一轮...
2026-05-24 12:14:15,490 [INFO] === 成绩监控启动 (PID 23791, 1 用户) ===
2026-05-24 12:14:15,491 [INFO] [yumeng] 开始查询成绩...
2026-05-24 12:14:15,492 [INFO] [2024012616] 已加载持久 cookies (9 个)
2026-05-24 12:14:16,531 [INFO] [yumeng] 暂无新成绩（共 44 条已知成绩）
2026-05-24 12:14:16,535 [INFO] === 本轮结束 ===
2026-05-24 12:14:16,535 [INFO] 等待 10 分钟后再跑一轮...
2026-05-24 12:24:16,733 [INFO] === 成绩监控启动 (PID 23791, 1 用户) ===
2026-05-24 12:24:16,733 [INFO] [yumeng] 开始查询成绩...
2026-05-24 12:24:16,734 [INFO] [2024012616] 已加载持久 cookies (9 个)
2026-05-24 12:24:17,625 [INFO] [yumeng] 暂无新成绩（共 44 条已知成绩）
2026-05-24 12:24:17,629 [INFO] === 本轮结束 ===
2026-05-24 12:24:17,629 [INFO] 等待 10 分钟后再跑一轮...
2026-05-24 12:34:17,827 [INFO] === 成绩监控启动 (PID 23791, 1 用户) ===
2026-05-24 12:34:17,827 [INFO] [yumeng] 开始查询成绩...
2026-05-24 12:34:17,829 [INFO] [2024012616] 已加载持久 cookies (9 个)
2026-05-24 12:34:18,846 [INFO] [yumeng] 暂无新成绩（共 44 条已知成绩）
2026-05-24 12:34:18,850 [INFO] === 本轮结束 ===
2026-05-24 12:34:18,851 [INFO] 等待 10 分钟后再跑一轮...
2026-05-24 12:44:19,088 [INFO] === 成绩监控启动 (PID 23791, 1 用户) ===
2026-05-24 12:44:19,089 [INFO] [yumeng] 开始查询成绩...
2026-05-24 12:44:19,090 [INFO] [2024012616] 已加载持久 cookies (9 个)
2026-05-24 12:44:20,367 [INFO] [yumeng] 暂无新成绩（共 44 条已知成绩）
2026-05-24 12:44:20,371 [INFO] === 本轮结束 ===
2026-05-24 12:44:20,371 [INFO] 等待 10 分钟后再跑一轮...
2026-05-24 12:54:20,572 [INFO] === 成绩监控启动 (PID 23791, 1 用户) ===
2026-05-24 12:54:20,572 [INFO] [yumeng] 开始查询成绩...
2026-05-24 12:54:20,573 [INFO] [2024012616] 已加载持久 cookies (9 个)
2026-05-24 12:54:22,080 [INFO] [yumeng] 暂无新成绩（共 44 条已知成绩）
2026-05-24 12:54:22,083 [INFO] === 本轮结束 ===
2026-05-24 12:54:22,084 [INFO] 等待 10 分钟后再跑一轮...
2026-05-24 13:04:22,087 [INFO] === 成绩监控启动 (PID 23791, 1 用户) ===
2026-05-24 13:04:22,087 [INFO] [yumeng] 开始查询成绩...
2026-05-24 13:04:22,088 [INFO] [2024012616] 已加载持久 cookies (9 个)
2026-05-24 13:04:23,174 [INFO] [yumeng] 暂无新成绩（共 44 条已知成绩）
2026-05-24 13:04:23,178 [INFO] === 本轮结束 ===
2026-05-24 13:04:23,179 [INFO] 等待 10 分钟后再跑一轮...
2026-05-24 13:14:23,346 [INFO] === 成绩监控启动 (PID 23791, 1 用户) ===
2026-05-24 13:14:23,347 [INFO] [yumeng] 开始查询成绩...
2026-05-24 13:14:23,348 [INFO] [2024012616] 已加载持久 cookies (9 个)
2026-05-24 13:14:24,477 [INFO] [yumeng] 暂无新成绩（共 44 条已知成绩）
2026-05-24 13:14:24,481 [INFO] === 本轮结束 ===
2026-05-24 13:14:24,481 [INFO] 等待 10 分钟后再跑一轮...
2026-05-24 13:24:24,596 [INFO] === 成绩监控启动 (PID 23791, 1 用户) ===
2026-05-24 13:24:24,596 [INFO] [yumeng] 开始查询成绩...
2026-05-24 13:24:24,597 [INFO] [2024012616] 已加载持久 cookies (9 个)
2026-05-24 13:24:25,881 [INFO] [yumeng] 暂无新成绩（共 44 条已知成绩）
2026-05-24 13:24:25,885 [INFO] === 本轮结束 ===
2026-05-24 13:24:25,885 [INFO] 等待 10 分钟后再跑一轮...
2026-05-24 13:34:25,991 [INFO] === 成绩监控启动 (PID 23791, 1 用户) ===
2026-05-24 13:34:25,992 [INFO] [yumeng] 开始查询成绩...
2026-05-24 13:34:25,995 [INFO] [2024012616] 已加载持久 cookies (9 个)
2026-05-24 13:34:26,979 [INFO] [yumeng] 暂无新成绩（共 44 条已知成绩）
2026-05-24 13:34:26,984 [INFO] === 本轮结束 ===
2026-05-24 13:34:26,984 [INFO] 等待 10 分钟后再跑一轮...
2026-05-24 13:44:26,995 [INFO] === 成绩监控启动 (PID 23791, 1 用户) ===
2026-05-24 13:44:26,996 [INFO] [yumeng] 开始查询成绩...
2026-05-24 13:44:26,998 [INFO] [2024012616] 已加载持久 cookies (9 个)
2026-05-24 13:44:27,104 [INFO] [yumeng] 会话已过期，重新登录...
2026-05-24 13:44:27,762 [INFO] [2024012616] CAS 登录成功
2026-05-24 13:44:28,897 [INFO] [yumeng] 暂无新成绩（共 44 条已知成绩）
2026-05-24 13:44:28,903 [INFO] === 本轮结束 ===
2026-05-24 13:44:28,903 [INFO] 等待 10 分钟后再跑一轮...
2026-05-24 13:54:28,980 [INFO] === 成绩监控启动 (PID 23791, 1 用户) ===
2026-05-24 13:54:28,981 [INFO] [yumeng] 开始查询成绩...
2026-05-24 13:54:28,982 [INFO] [2024012616] 已加载持久 cookies (9 个)
2026-05-24 13:54:30,809 [INFO] [yumeng] 暂无新成绩（共 44 条已知成绩）
2026-05-24 13:54:30,813 [INFO] === 本轮结束 ===
2026-05-24 13:54:30,813 [INFO] 等待 10 分钟后再跑一轮...
2026-05-24 14:04:31,012 [INFO] === 成绩监控启动 (PID 23791, 1 用户) ===
2026-05-24 14:04:31,013 [INFO] [yumeng] 开始查询成绩...
2026-05-24 14:04:31,015 [INFO] [2024012616] 已加载持久 cookies (9 个)
2026-05-24 14:04:31,906 [INFO] [yumeng] 暂无新成绩（共 44 条已知成绩）
2026-05-24 14:04:31,910 [INFO] === 本轮结束 ===
2026-05-24 14:04:31,911 [INFO] 等待 10 分钟后再跑一轮...
2026-05-24 14:14:31,979 [INFO] === 成绩监控启动 (PID 23791, 1 用户) ===
2026-05-24 14:14:31,980 [INFO] [yumeng] 开始查询成绩...
2026-05-24 14:14:31,980 [INFO] [2024012616] 已加载持久 cookies (9 个)
2026-05-24 14:14:33,707 [INFO] [yumeng] 暂无新成绩（共 44 条已知成绩）
2026-05-24 14:14:33,711 [INFO] === 本轮结束 ===
2026-05-24 14:14:33,711 [INFO] 等待 10 分钟后再跑一轮...
2026-05-24 14:24:33,812 [INFO] === 成绩监控启动 (PID 23791, 1 用户) ===
2026-05-24 14:24:33,812 [INFO] [yumeng] 开始查询成绩...
2026-05-24 14:24:33,814 [INFO] [2024012616] 已加载持久 cookies (9 个)
2026-05-24 14:24:35,009 [INFO] [yumeng] 暂无新成绩（共 44 条已知成绩）
2026-05-24 14:24:35,012 [INFO] === 本轮结束 ===
2026-05-24 14:24:35,013 [INFO] 等待 10 分钟后再跑一轮...
2026-05-24 14:34:35,096 [INFO] === 成绩监控启动 (PID 23791, 1 用户) ===
2026-05-24 14:34:35,097 [INFO] [yumeng] 开始查询成绩...
2026-05-24 14:34:35,099 [INFO] [2024012616] 已加载持久 cookies (9 个)
2026-05-24 14:34:36,101 [INFO] [yumeng] 暂无新成绩（共 44 条已知成绩）
2026-05-24 14:34:36,105 [INFO] === 本轮结束 ===
2026-05-24 14:34:36,105 [INFO] 等待 10 分钟后再跑一轮...
2026-05-24 14:44:36,167 [INFO] === 成绩监控启动 (PID 23791, 1 用户) ===
2026-05-24 14:44:36,167 [INFO] [yumeng] 开始查询成绩...
2026-05-24 14:44:36,168 [INFO] [2024012616] 已加载持久 cookies (9 个)
2026-05-24 14:44:37,368 [INFO] [yumeng] 暂无新成绩（共 44 条已知成绩）
2026-05-24 14:44:37,372 [INFO] === 本轮结束 ===
2026-05-24 14:44:37,373 [INFO] 等待 10 分钟后再跑一轮...
2026-05-24 14:54:37,467 [INFO] === 成绩监控启动 (PID 23791, 1 用户) ===
2026-05-24 14:54:37,468 [INFO] [yumeng] 开始查询成绩...
2026-05-24 14:54:37,470 [INFO] [2024012616] 已加载持久 cookies (9 个)
2026-05-24 14:54:38,290 [INFO] [yumeng] 暂无新成绩（共 44 条已知成绩）
2026-05-24 14:54:38,293 [INFO] === 本轮结束 ===
2026-05-24 14:54:38,294 [INFO] 等待 10 分钟后再跑一轮...
2026-05-24 15:04:38,371 [INFO] === 成绩监控启动 (PID 23791, 1 用户) ===
2026-05-24 15:04:38,372 [INFO] [yumeng] 开始查询成绩...
2026-05-24 15:04:38,374 [INFO] [2024012616] 已加载持久 cookies (9 个)
2026-05-24 15:04:40,613 [INFO] [yumeng] 暂无新成绩（共 44 条已知成绩）
2026-05-24 15:04:40,617 [INFO] === 本轮结束 ===
2026-05-24 15:04:40,617 [INFO] 等待 10 分钟后再跑一轮...
2026-05-24 15:14:40,717 [INFO] === 成绩监控启动 (PID 23791, 1 用户) ===
2026-05-24 15:14:40,717 [INFO] [yumeng] 开始查询成绩...
2026-05-24 15:14:40,718 [INFO] [2024012616] 已加载持久 cookies (9 个)
2026-05-24 15:14:41,708 [INFO] [yumeng] 暂无新成绩（共 44 条已知成绩）
2026-05-24 15:14:41,712 [INFO] === 本轮结束 ===
2026-05-24 15:14:41,712 [INFO] 等待 10 分钟后再跑一轮...
2026-05-24 15:24:41,716 [INFO] === 成绩监控启动 (PID 23791, 1 用户) ===
2026-05-24 15:24:41,717 [INFO] [yumeng] 开始查询成绩...
2026-05-24 15:24:41,718 [INFO] [2024012616] 已加载持久 cookies (9 个)
2026-05-24 15:24:43,146 [INFO] [yumeng] 暂无新成绩（共 44 条已知成绩）
2026-05-24 15:24:43,150 [INFO] === 本轮结束 ===
2026-05-24 15:24:43,150 [INFO] 等待 10 分钟后再跑一轮...
2026-05-24 15:34:43,320 [INFO] === 成绩监控启动 (PID 23791, 1 用户) ===
2026-05-24 15:34:43,324 [INFO] [yumeng] 开始查询成绩...
2026-05-24 15:34:43,332 [INFO] [2024012616] 已加载持久 cookies (9 个)
2026-05-24 15:34:44,797 [INFO] [yumeng] 暂无新成绩（共 44 条已知成绩）
2026-05-24 15:34:44,802 [INFO] === 本轮结束 ===
2026-05-24 15:34:44,803 [INFO] 等待 10 分钟后再跑一轮...
2026-05-24 15:44:44,902 [INFO] === 成绩监控启动 (PID 23791, 1 用户) ===
2026-05-24 15:44:44,903 [INFO] [yumeng] 开始查询成绩...
2026-05-24 15:44:44,904 [INFO] [2024012616] 已加载持久 cookies (9 个)
2026-05-24 15:44:45,003 [INFO] [yumeng] 会话已过期，重新登录...
2026-05-24 15:44:45,440 [INFO] [2024012616] CAS 登录成功
2026-05-24 15:44:47,041 [INFO] [yumeng] 暂无新成绩（共 44 条已知成绩）
2026-05-24 15:44:47,046 [INFO] === 本轮结束 ===
2026-05-24 15:44:47,047 [INFO] 等待 10 分钟后再跑一轮...
2026-05-24 15:54:47,083 [INFO] === 成绩监控启动 (PID 23791, 1 用户) ===
2026-05-24 15:54:47,083 [INFO] [yumeng] 开始查询成绩...
2026-05-24 15:54:47,084 [INFO] [2024012616] 已加载持久 cookies (9 个)
2026-05-24 15:54:48,853 [INFO] [yumeng] 暂无新成绩（共 44 条已知成绩）
2026-05-24 15:54:48,857 [INFO] === 本轮结束 ===
2026-05-24 15:54:48,858 [INFO] 等待 10 分钟后再跑一轮...
2026-05-24 16:04:49,046 [INFO] === 成绩监控启动 (PID 23791, 1 用户) ===
2026-05-24 16:04:49,046 [INFO] [yumeng] 开始查询成绩...
2026-05-24 16:04:49,048 [INFO] [2024012616] 已加载持久 cookies (9 个)
2026-05-24 16:04:50,086 [INFO] [yumeng] 暂无新成绩（共 44 条已知成绩）
2026-05-24 16:04:50,090 [INFO] === 本轮结束 ===
2026-05-24 16:04:50,091 [INFO] 等待 10 分钟后再跑一轮...
